Posting small Lalbagh polygon for analysis...
Status: 200
Parse error: 'charmap' codec can't encode character '\u2705' in position 0: character maps to <undefined>
{"region_name":"Lalbagh Test","total_area_km2":1.1088,"green_area_km2":0.5783,"non_green_area_km2":0.5305,"green_percentage":52.16,"ndvi_overlay_png":"data:image/png;base64,iVBORw0KGgoAAAANSUhEUgAAAGMAAABwCAYAAAAKec6gAAAGi0lEQVR42u1d3XEcIQzmGCq5NtyEr4B4/OAqrgBXkQePU4CvCbexteQleyYcP5KQQLDwkjjj7IL+9UloT+bA6/z98qFlL9vT56s7f798XLfLzRhj3s9fz/vfa9b7+evZGGM4nsWxjx7rul1u2Pfb8AEjE0CSsC3oYLmlt7c2SAhFK023s5oJCeGSPo8tEXNEgo4qBFbywFpMVmvGUs/ttBNTS2TWQjPJmpEjTk/CjeynrPbDXbfLDcrc0QMGS9WA3MFnzDWaMUOKeK2YMmrUF2UG1cZDCDALoVSHtikm+oSfIbRVz4ycpO8M8P/kZEr47pm0zo0Uy+/7nNXsWf9gUB/QO8+gapt2YTv9/vPjYLk26z+Pq0Yyewi9PX2+WqqkQaIkSbMyo6myZi0xs4h9jgg2NVtoG1qB2nOlmOJSL+dKBCUY0ttEpRgDCflz/tmWJHqXitiLwgdK5ADafUPoF3epp5g2x2WWUkTjjqYkmBNKbc2eQskPz47yGT6neyeDLbQiRiyuLplSxBm+x2l2vjMFAH4fVepcdlYCSEAsVNqkANXwnbZWDSUOkPM/Lcyh1HtKJvD0+0+d0ypFVFyto7Nk3Cl6bU+fr47roZDIJGSgz6Acs2aCPnJnca2kIKcVsVj9iNXB6u6QnAZAmVUydYsZFTE0JInC1lGOsFxNNBMzJ5gC1WJCQjNC8AuKr0AAsFhWv1aGGRAHm2syKJVhFxOYfAY0Kpo9R1DpwBcjlDJj5j4mlcyAEnh1EzIyw492YhKfyi9SeBR3N+Hs62SMMRiwkAL4hRqT+/moEdi9bwqzcmAehXilcu2RNOtkzM/YBorEx6APjuu6kLxnNs1wUs529As4Q/iMlgQ7Qn2jymdA/EWLLvSV9DXMMyAApWamxPaW2vP+b5ZKbC2+AQNYtlyYfqmizwjzCUgDgsTQE8nLn700JLbHu88Iq26pLBxTHuW+eKPd9/gmCFILip3LQQ7duzJHaTONZfpSDK4tMTwww38QBfLQ6ExL7UQYRpbq/V3yDMimwt7SFdKW6YfOM6gRzqyLgsel2pNY8wzIZZqZNKJG61MMsdCXYa5IHW3VdL34UZetfXDON3AxRyOTJbTV1sIZq9TKJ2Q2pQ3Y9sujM6Km+hnNMzjwFU3S1gI9pt478c37vz9vlrJx6s1XDREOd4tpbT7l/9/oJLbRTA50jgm18z0XoNR002dvu3Jlzdqm6NSeCdr87aMPlD1ZitqF/VMtcButWhfLsaimcJjB9JQREJALPRwIAzTPKtHDUYhSGsnQMoyUmlUOreXsAsLBEIuVTMiBWqK1LQUhZpY5wVNLUfmRfYFEGRdzda7IjBynRxjM2EM7uNf5++XjXlySgsBbh8qSDlt6WW0b4oq6Uj9rZUTUTM2yqE1uksPFqh14eEkG08g2EpMxiRqXHw1Tg/+uBECTGczGWvuMt1+XG7TBosektxRc8n7+enZSROqlFdwd9dzal5rIdt0uN3ANHANHzJCPSGsJaK4tJ5w+IwKM3Xes2AWaUQiZA4Ih0gjVQE1JKDnPWJfv6xgTi94cJPTqJfGaNAsTYWJC/WHKrkf71IOrPRRGo2rCwV6MwA6ez/1e6YNhdgTpGn3AfS4l8P+9avx2KembwdxBrzdwNELf4RDI/b3eEjnq4DEWoFAbAIjtuuC85FlCIKDQUA5steEvUWZLaTQ7XDNL/JAWYzGwjeN3bGqG+3ucPoKaa0C6ZXLaRf5kQ++5HrE6i+SoVmjSl0JlIZ0l2Uv5HNowA2wiPYg
